GDTEST_OK
փորձարկում test
امتحان test
পরীক্ষা test
тест test
जाँच test
기준 test
测试 test
テスト test
試験 test
പരീക്ഷ test
ทดสอบ test
δοκιμή test
true
