GDTEST_OK
TYPE_NIL
true
false
false
false
true
TYPE_BOOL
false
false
true
true
true
TYPE_INT
false
false
true
true
true
TYPE_FLOAT
false
false
true
true
true
TYPE_STRING
false
false
true
true
true
TYPE_VECTOR2
false
false
true
true
true
TYPE_VECTOR2I
false
false
true
true
true
TYPE_RECT2
false
false
true
true
true
TYPE_RECT2I
false
false
true
true
true
TYPE_VECTOR3
false
false
true
true
true
TYPE_VECTOR3I
false
false
true
true
true
TYPE_TRANSFORM2D
true
false
false
false
true
TYPE_VECTOR4
false
false
true
true
true
TYPE_VECTOR4I
false
false
true
true
true
TYPE_PLANE
false
false
true
true
true
TYPE_QUATERNION
true
false
false
false
true
TYPE_AABB
false
false
true
true
true
TYPE_BASIS
true
false
false
false
true
TYPE_TRANSFORM3D
true
false
false
false
true
TYPE_PROJECTION
true
false
false
false
true
TYPE_COLOR
false
false
true
true
true
TYPE_STRING_NAME
false
false
true
true
true
TYPE_NODE_PATH
false
false
true
true
true
TYPE_RID
true
false
false
false
true
TYPE_OBJECT
false
false
true
true
true
TYPE_CALLABLE
false
false
true
true
true
TYPE_SIGNAL
false
false
true
true
true
TYPE_DICTIONARY
false
false
true
true
true
TYPE_ARRAY
false
false
true
true
true
TYPE_PACKED_BYTE_ARRAY
false
false
true
true
true
TYPE_PACKED_INT32_ARRAY
false
false
true
true
true
TYPE_PACKED_INT64_ARRAY
false
false
true
true
true
TYPE_PACKED_FLOAT32_ARRAY
false
false
true
true
true
TYPE_PACKED_FLOAT64_ARRAY
false
false
true
true
true
TYPE_PACKED_STRING_ARRAY
false
false
true
true
true
TYPE_PACKED_VECTOR2_ARRAY
false
false
true
true
true
TYPE_PACKED_VECTOR3_ARRAY
false
false
true
true
true
TYPE_PACKED_COLOR_ARRAY
false
false
true
true
true
TYPE_PACKED_VECTOR4_ARRAY
false
false
true
true
true
