GDTEST_OK
[0.0, 200.0, 30.0]
true
[(1, 0), (2, 300)]
[&"Hey!", &"Make me a sname please!"]
