GDTEST_ANALYZER_ERROR
Cannot call private function "foo()" on the class Bar.
