GDTEST_ANALYZER_ERROR
>> ERROR at line 11: Could not resolve member "f": Cyclic reference.
