GDTEST_ANALYZER_ERROR
>> ERROR at line 4: Could not find nested type "Baz".
