GDTEST_ANALYZER_ERROR
>> ERROR at line 5: Cannot use variable "A" in extends chain.
