GDTEST_ANALYZER_ERROR
>> ERROR at line 12: Cannot assign a new value to a constant.
>> ERROR at line 13: Member "CONSTANT" is not a function.
>> ERROR at line 13: Name "CONSTANT" called as a function but is a "int".
>> ERROR at line 14: Member "property" is not a function.
>> ERROR at line 14: Name "property" called as a function but is a "int".
