GDTEST_ANALYZER_ERROR
>> ERROR at line 17: The function doesnt_override_anything has the @override annotation, but does not override anything.
