GDTEST_ANALYZER_ERROR
>> ERROR at line 2: A void function cannot return a value.
