GDTEST_ANALYZER_ERROR
>> ERROR at line 4: A void function cannot return a value.
