GDTEST_ANALYZER_ERROR
Cannot call non-static function "non_static()" from a static variable initializer.
