GDTEST_PARSER_ERROR
Typed container constructor can only be used for Arrays.
