GDTEST_ANALYZER_ERROR
>> ERROR at line 3: Cannot get return value of call to "reverse()" because it returns "void".
