GDTEST_RUNTIME_ERROR
>> SCRIPT ERROR
>> on function: test()
>> runtime/errors/read_only_dictionary.gd
>> 4
>> Invalid assignment on read-only value (on base: 'Dictionary').
