GDTEST_OK
Node::f
Node::[signal]s
Node::get_child
Node::[signal]ready
