GDTEST_OK
Begin: 0 <null> <null> <null>
End: 0 1 1 1
Begin: 1 <null> <null> <null>
End: 1 1 1 1
Begin: 2 <null> <null> <null>
End: 2 1 1 1
===
Begin: 0 <null> <null> <null>
End: 0 1 1 1
Begin: 1 <null> <null> <null>
End: 1 1 1 1
Begin: 2 <null> <null> <null>
End: 2 1 1 1
