GDTEST_PARSER_ERROR
Expected "class" or "func" after "abstract".
