GDTEST_PARSER_ERROR
"@experimental" annotation does not exist. Use "## @experimental: Reason here." instead.
