GDTEST_PARSER_ERROR
Annotation "@export" cannot be applied to a function.
