GDTEST_PARSER_ERROR
Expected "class_name", "extends", "class", or "func" after "abstract".
