GDTEST_ANALYZER_ERROR
Tool buttons can only be used in tool scripts (add "@tool" to the top of the script).
