GDTEST_PARSER_ERROR
Expected statement, found "in" instead.
