GDTEST_PARSER_ERROR
Expected expression after "else".
