GDTEST_PARSER_ERROR
There is already a constant named "TEST" declared in this scope.
