GDTEST_PARSER_ERROR
The "namespace" keyword is reserved for future use, but is currently unimplemented in GDScript.
