GDTEST_PARSER_ERROR
The rest parameter cannot have a default value.
