GDTEST_OK
>> WARNING
>> Line: 8
>> UNUSED_LOCAL_CONSTANT
>> The local constant "TEST" is declared but never used in the block. If this is intended, prefix it with an underscore: "_TEST".
>> WARNING
>> Line: 8
>> SHADOWED_VARIABLE
>> The local constant "TEST" is shadowing an already-declared constant at line 2 in the current class.
